[10:52:39] Win32SerialError: CreateFile failed, err 2
Traceback (most recent call last):
  File "C:\MyLab\MCU\firmforge\tools\..\..\firmforge\providers\com_port.py", line 45, in __enter__
    self._ser = pyserial.Serial(port=self._port, baudrate=self._baud,
                ~~~~~~~~~~~~~~~^^^^^^^^^^^^^^^^^^^^^^^^^^^^^^^^^^^^^^
                                timeout=self._timeout, dsrdtr=self._dsrdtr)
                                ^^^^^^^^^^^^^^^^^^^^^^^^^^^^^^^^^^^^^^^^^^^
  File "C:\Users\radar\.workbuddy\binaries\python\versions\3.13.12\Lib\site-packages\serial\serialwin32.py", line 33, in __init__
    super(Serial, self).__init__(*args, **kwargs)
    ~~~~~~~~~~~~~~~~~~~~~~~~~~~~^^^^^^^^^^^^^^^^^
  File "C:\Users\radar\.workbuddy\binaries\python\versions\3.13.12\Lib\site-packages\serial\serialutil.py", line 244, in __init__
    self.open()
    ~~~~~~~~~^^
  File "C:\Users\radar\.workbuddy\binaries\python\versions\3.13.12\Lib\site-packages\serial\serialwin32.py", line 64, in open
    raise SerialException("could not open port {!r}: {!r}".format(self.portstr, ctypes.WinError()))
serial.serialutil.SerialException: could not open port 'COM7': FileNotFoundError(2, '系统找不到指定的文件。', None, 2)

During handling of the above exception, another exception occurred:

Traceback (most recent call last):
  File "C:\MyLab\MCU\firmforge\tools\serial_collector.py", line 105, in <module>
    with ComPort(port_name, baud, timeout=0.3) as ser:
         ~~~~~~~^^^^^^^^^^^^^^^^^^^^^^^^^^^^^^
  File "C:\MyLab\MCU\firmforge\tools\..\..\firmforge\providers\com_port.py", line 50, in __enter__
    self._ser.open()
    ~~~~~~~~~~~~~~^^
  File "C:\MyLab\MCU\firmforge\tools\..\..\firmforge\providers\win32serial.py", line 132, in open
    raise Win32SerialError(f"CreateFile failed, err {_k.GetLastError()}")
firmforge.providers.win32serial.Win32SerialError: CreateFile failed, err 2
