PANEL_START board=arduino_mega summary=<span style="color:#4ade80">&#9989;</span><span style="color:var(--dim)">S1:2609ms</span>  <span style="color:#4ade80">&#9989;</span><span style="color:var(--dim)">S2:0ms</span>  <span style="color:#4ade80">&#9989;</span><span style="color:var(--dim)">S3:0ms</span>  <span style="color:#4ade80">&#9989;</span><span style="color:var(--dim)">S4:0ms</span>  <span style="color:#4ade80">&#9989;</span><span style="color:var(--dim)">S5:0ms</span>
INFO:firmforge.panel:Panel HTTP server started on port 9878
INFO:firmforge.core.pipeline_runner:S5 Verify: 3 sample lines
VERIFY: True ['NANO #0', 'NANO #1', 'NANO #2']
----------------------------------------
Exception occurred during processing of request from ('127.0.0.1', 55405)
Traceback (most recent call last):
  File "C:\Users\radar\.workbuddy\binaries\python\versions\3.13.12\Lib\socketserver.py", line 697, in process_request_thread
    self.finish_request(request, client_address)
    ~~~~~~~~~~~~~~~~~~~^^^^^^^^^^^^^^^^^^^^^^^^^
  File "C:\Users\radar\.workbuddy\binaries\python\versions\3.13.12\Lib\socketserver.py", line 362, in finish_request
    self.RequestHandlerClass(request, client_address, self)
    ~~~~~~~~~~~~~~~~~~~~~~~~^^^^^^^^^^^^^^^^^^^^^^^^^^^^^^^
  File "C:\MyLab\MCU\firmforge\adapters\panel_service.py", line 80, in __init__
    super().__init__(*a, directory=data_dir, **kw)
    ~~~~~~~~~~~~~~~~^^^^^^^^^^^^^^^^^^^^^^^^^^^^^^
  File "C:\Users\radar\.workbuddy\binaries\python\versions\3.13.12\Lib\http\server.py", line 683, in __init__
    super().__init__(*args, **kwargs)
    ~~~~~~~~~~~~~~~~^^^^^^^^^^^^^^^^^
  File "C:\Users\radar\.workbuddy\binaries\python\versions\3.13.12\Lib\socketserver.py", line 766, in __init__
    self.handle()
    ~~~~~~~~~~~^^
  File "C:\Users\radar\.workbuddy\binaries\python\versions\3.13.12\Lib\http\server.py", line 449, in handle
    self.handle_one_request()
    ~~~~~~~~~~~~~~~~~~~~~~~^^
  File "C:\Users\radar\.workbuddy\binaries\python\versions\3.13.12\Lib\http\server.py", line 415, in handle_one_request
    self.raw_requestline = self.rfile.readline(65537)
                           ~~~~~~~~~~~~~~~~~~~^^^^^^^
  File "C:\Users\radar\.workbuddy\binaries\python\versions\3.13.12\Lib\socket.py", line 723, in readinto
    return self._sock.recv_into(b)
           ~~~~~~~~~~~~~~~~~~~~^^^
ConnectionAbortedError: [WinError 10053] 你的主机中的软件中止了一个已建立的连接。
----------------------------------------
